  Compiling CUDA source file kernel.cu...
  
  C:\Users\miguel.lujan\source\repos\PL2\PL2>"C:\Program Files\NVIDIA GPU Computing Toolkit\CUDA\v12.3\bin\nvcc.exe" -gencode=arch=compute_52,code=\"sm_52,compute_52\" --use-local-env -ccbin "C:\Program Files (x86)\Microsoft Visual Studio\2019\Enterprise\VC\Tools\MSVC\14.29.30133\bin\HostX86\x64" -x cu   -I"C:\Program Files\NVIDIA GPU Computing Toolkit\CUDA\v12.3\include" -I"C:\Users\miguel.lujan\vcpkg\installed\x64-windows\include" -I"C:\Program Files\NVIDIA GPU Computing Toolkit\CUDA\v12.3\include"  -G   --keep-dir x64\Debug  -maxrregcount=0   --machine 64 --compile -cudart static  -g  -DWIN32 -DWIN64 -D_DEBUG -D_CONSOLE -D_MBCS -Xcompiler "/EHsc /W3 /nologo /Od /FS /Zi /RTC1 /MDd " -Xcompiler "/Fdx64\Debug\vc142.pdb" -o C:\Users\miguel.lujan\source\repos\PL2\PL2\x64\Debug\kernel.cu.obj "C:\Users\miguel.lujan\source\repos\PL2\PL2\kernel.cu" 
C:\Users\miguel.lujan\source\repos\PL2\PL2\kernel.cu(1): error : expected a declaration
    ?
    ^
  
CUDACOMPILE : error : inline specifier allowed on function declarations only
  
CUDACOMPILE : error : inline specifier allowed on function declarations only
  
CUDACOMPILE : error : inline specifier allowed on function declarations only
  
CUDACOMPILE : error : inline specifier allowed on function declarations only
  
CUDACOMPILE : error : inline specifier allowed on function declarations only
  
CUDACOMPILE : error : inline specifier allowed on function declarations only
  
C:\Users\miguel.lujan\source\repos\PL2\PL2\kernel.cu(25): error : identifier "printf" is undefined
        printf("\nIntroduzca su nombre de usuario para el registro: ");
        ^
  
C:\Users\miguel.lujan\source\repos\PL2\PL2\kernel.cu(26): error : identifier "scanf" is undefined
        scanf("%99s", usuario);
        ^
  
C:\Users\miguel.lujan\source\repos\PL2\PL2\kernel.cu(86): error : identifier "printf" is undefined
        printf("\n┐Desea enviar los resultados al Cloud? (s/n): ");
        ^
  
C:\Users\miguel.lujan\source\repos\PL2\PL2\kernel.cu(87): error : identifier "scanf" is undefined
        scanf(" %c", &resp);
        ^
  
C:\Users\miguel.lujan\source\repos\PL2\PL2\kernel.cu(116): error : identifier "fp" is undefined
        FILE* fp = fopen(ruta, "r");
              ^
  
C:\Users\miguel.lujan\source\repos\PL2\PL2\kernel.cu(118): error : identifier "printf" is undefined
            printf("No se puede abrir el fichero\n");
            ^
  
C:\Users\miguel.lujan\source\repos\PL2\PL2\kernel.cu(156): error : expression preceding parentheses of apparent call must have (pointer-to-) function type
        fclose(fp);
        ^
  
C:\Users\miguel.lujan\source\repos\PL2\PL2\kernel.cu(157): error : identifier "printf" is undefined
        printf("Dataset cargado: %d filas\n", total_filas);
        ^
  
C:\Users\miguel.lujan\source\repos\PL2\PL2\kernel.cu(162): error : identifier "printf" is undefined
        printf("\n");
        ^
  
C:\Users\miguel.lujan\source\repos\PL2\PL2\kernel.cu(180): error : identifier "printf" is undefined
            printf("\nHa seleccionado retraso en despegues, tenga en cuenta el signo del umbral para filtrar por adelantos o atrasos\n\n");
            ^
  
C:\Users\miguel.lujan\source\repos\PL2\PL2\kernel.cu(222): error : identifier "printf" is undefined
            printf("- Hilo #%d: Retraso de %d minutos\n", id, tiempo);
            ^
  
C:\Users\miguel.lujan\source\repos\PL2\PL2\kernel.cu(227): error : identifier "printf" is undefined
            printf("- Hilo #%d: Adelanto de %d minutos\n", id, abs(tiempo)); 
            ^
  
C:\Users\miguel.lujan\source\repos\PL2\PL2\kernel.cu(234): error : identifier "printf" is undefined
        printf("Umbral positivo: Retrasos\n");
        ^
  
C:\Users\miguel.lujan\source\repos\PL2\PL2\kernel.cu(237): error : identifier "scanf" is undefined
        scanf("%d", &umbral);
        ^
  
C:\Users\miguel.lujan\source\repos\PL2\PL2\kernel.cu(294): error : identifier "printf" is undefined
            printf("- Hilo #%d | Matricula: %s | Retraso: %d min\n", id, matricula, tiempo);
            ^
  
C:\Users\miguel.lujan\source\repos\PL2\PL2\kernel.cu(302): error : identifier "printf" is undefined
            printf("- Hilo #%d | Matricula: %s | Adelanto: %d min\n", id, matricula, abs(tiempo));
            ^
  
C:\Users\miguel.lujan\source\repos\PL2\PL2\kernel.cu(313): error : identifier "printf" is undefined
        printf("Umbral positivo: Retrasos\n");
        ^
  
C:\Users\miguel.lujan\source\repos\PL2\PL2\kernel.cu(316): error : identifier "scanf" is undefined
        scanf("%d", &umbral);
        ^
  
C:\Users\miguel.lujan\source\repos\PL2\PL2\kernel.cu(563): error : identifier "printf" is undefined
            printf("Error: no hay datos cargados\n");
            ^
  
C:\Users\miguel.lujan\source\repos\PL2\PL2\kernel.cu(569): error : identifier "printf" is undefined
        printf("Columna:\n  [1] DEP_DELAY\n  [2] ARR_DELAY\n  [3] WEATHER_DELAY\nOpcion: ");
        ^
  
C:\Users\miguel.lujan\source\repos\PL2\PL2\kernel.cu(570): error : identifier "scanf" is undefined
        scanf("%d", &opcionColumna);
        ^
  
C:\Users\miguel.lujan\source\repos\PL2\PL2\kernel.cu(730): error : identifier "printf" is undefined
            printf("Error: no hay datos\n");
            ^
  
C:\Users\miguel.lujan\source\repos\PL2\PL2\kernel.cu(736): error : identifier "printf" is undefined
        printf("Tipo de aeropuerto:\n  [1] Origen\n  [2] Destino\nOpcion: ");
        ^
  
C:\Users\miguel.lujan\source\repos\PL2\PL2\kernel.cu(737): error : identifier "scanf" is undefined
        scanf("%d", &opcionTipo);
        ^
  
C:\Users\miguel.lujan\source\repos\PL2\PL2\kernel.cu(845): error : identifier "printf" is undefined
            printf("(Pulse Intro para usar la ruta por defecto: %s)\n\n", ruta_defecto);
            ^
  
C:\Users\miguel.lujan\source\repos\PL2\PL2\kernel.cu(849): error : identifier "__acrt_iob_func" is undefined
            fgets(ruta, 1024, (__acrt_iob_func(0)));
                               ^
  
C:\Users\miguel.lujan\source\repos\PL2\PL2\kernel.cu(878): error : identifier "scanf" is undefined
            if (scanf("%d", &opcion) != 1) {
                ^
  
C:\Users\miguel.lujan\source\repos\PL2\PL2\kernel.cu(880): error : identifier "printf" is undefined
                printf("Entrada invalida, has de introducir un numero.\n");
                ^
  
  35 errors detected in the compilation of "C:/Users/miguel.lujan/source/repos/PL2/PL2/kernel.cu".
  kernel.cu
C:\Program Files (x86)\Microsoft Visual Studio\2019\Enterprise\MSBuild\Microsoft\VC\v160\BuildCustomizations\CUDA 12.3.targets(799,9): error MSB3721: El comando ""C:\Program Files\NVIDIA GPU Computing Toolkit\CUDA\v12.3\bin\nvcc.exe" -gencode=arch=compute_52,code=\"sm_52,compute_52\" --use-local-env -ccbin "C:\Program Files (x86)\Microsoft Visual Studio\2019\Enterprise\VC\Tools\MSVC\14.29.30133\bin\HostX86\x64" -x cu   -I"C:\Program Files\NVIDIA GPU Computing Toolkit\CUDA\v12.3\include" -I"C:\Users\miguel.lujan\vcpkg\installed\x64-windows\include" -I"C:\Program Files\NVIDIA GPU Computing Toolkit\CUDA\v12.3\include"  -G   --keep-dir x64\Debug  -maxrregcount=0   --machine 64 --compile -cudart static  -g  -DWIN32 -DWIN64 -D_DEBUG -D_CONSOLE -D_MBCS -Xcompiler "/EHsc /W3 /nologo /Od /FS /Zi /RTC1 /MDd " -Xcompiler "/Fdx64\Debug\vc142.pdb" -o C:\Users\miguel.lujan\source\repos\PL2\PL2\x64\Debug\kernel.cu.obj "C:\Users\miguel.lujan\source\repos\PL2\PL2\kernel.cu"" salió con el código 2.
